// Jest Snapshot v1, https://goo.gl/fbAQLP

exports[`<PageContainer /> should render with a child component 1`] = `
<div
  className="container app-management"
>
  <Connect(Nav) />
  <p>
    Test
  </p>
</div>
`;
